// Jest Snapshot v1, https://goo.gl/fbAQLP

exports[`Modal component matches snapshot 1`] = `
<DocumentFragment>
  <div>
    <div
      class="modalBackdrop"
    >
      <div
        class="modalContainer"
      >
        <h3
          class="modalTitle"
        >
          Photo Name
        </h3>
        <img
          alt="current category"
          src="0.jpg"
        />
        <p>
          Photo Description
        </p>
        <button>
          Close Modal
        </button>
      </div>
    </div>
  </div>
</DocumentFragment>
`;
